ICMP 10.0.1.36 <-> 212.16.98.51 29887 at 1571653866918427 new starting packets 0 0 bytes 0 0
