HOSTS 10.0.1.36 <-> 212.16.100.1 0 sessions new static packets 0 0 bytes 0 0
HOSTS 10.0.1.36 <-> 212.16.100.1 1 sessions at 1571746866567563 measurement static right 7009 packets 1 0 bytes 328 0 bandwidth 66 0
HOSTS 10.0.1.36 <-> 212.16.100.1 1 sessions at 1571746866685711 measurement static right 21227 packets 2 1 bytes 656 328 bandwidth 131 66
HOSTS 10.0.1.36 <-> 212.16.100.1 1 sessions at 1571746866781081 measurement static right 13549 packets 3 2 bytes 984 656 bandwidth 197 131
HOSTS 10.0.1.36 <-> 212.16.100.1 1 sessions at 1571746866880129 measurement static right 8126 packets 4 3 bytes 1312 984 bandwidth 262 197
HOSTS 10.0.1.36 <-> 212.16.100.1 1 sessions at 1571746866988835 measurement static right 12213 packets 5 4 bytes 1640 1312 bandwidth 328 262
HOSTS 10.0.1.36 <-> 212.16.100.1 1 sessions at 1571746867093603 measurement static right 12450 packets 6 5 bytes 1968 1640 bandwidth 394 328
HOSTS 10.0.1.36 <-> 212.16.100.1 1 sessions at 1571746867192190 measurement static right 6472 packets 7 6 bytes 2296 1968 bandwidth 459 394
HOSTS 10.0.1.36 <-> 212.16.100.1 1 sessions at 1571746867302207 measurement static right 12820 packets 8 7 bytes 2624 2296 bandwidth 525 459
HOSTS 10.0.1.36 <-> 212.16.100.1 1 sessions at 1571746867403250 measurement static right 9037 packets 9 8 bytes 2952 2624 bandwidth 590 525
HOSTS 10.0.1.36 <-> 212.16.100.1 1 sessions at 1571746867505429 measurement static right 6401 packets 10 9 bytes 3280 2952 bandwidth 656 590
HOSTS 10.0.1.36 <-> 212.16.100.1 1 sessions at 1571746867611040 measurement static right 7463 packets 11 10 bytes 3608 3280 bandwidth 722 656
HOSTS 10.0.1.36 <-> 212.16.100.1 1 sessions at 1571746867712058 measurement static right 7095 packets 12 11 bytes 3936 3608 bandwidth 787 722
HOSTS 10.0.1.36 <-> 212.16.100.1 1 sessions at 1571746867813890 measurement static right 7910 packets 13 12 bytes 4264 3936 bandwidth 853 787
HOSTS 10.0.1.36 <-> 212.16.100.1 1 sessions at 1571746867912959 measurement static right 6742 packets 14 13 bytes 4592 4264 bandwidth 918 853
HOSTS 10.0.1.36 <-> 212.16.100.1 1 sessions at 1571746868015184 measurement static right 8586 packets 15 14 bytes 4920 4592 bandwidth 984 918
HOSTS 10.0.1.36 <-> 212.16.100.1 1 sessions at 1571746868113706 measurement static right 6910 packets 16 15 bytes 5248 4920 bandwidth 1050 984
HOSTS 10.0.1.36 <-> 212.16.100.1 1 sessions at 1571746868220121 measurement static right 8994 packets 17 16 bytes 5576 5248 bandwidth 1115 1050
HOSTS 10.0.1.36 <-> 212.16.100.1 1 sessions at 1571746868326403 measurement static right 10848 packets 18 17 bytes 5904 5576 bandwidth 1181 1115
HOSTS 10.0.1.36 <-> 212.16.100.1 1 sessions at 1571746868425920 measurement static right 6624 packets 19 18 bytes 6232 5904 bandwidth 1246 1181
HOSTS 10.0.1.36 <-> 212.16.100.1 1 sessions at 1571746868527014 measurement static right 7034 packets 20 19 bytes 6560 6232 bandwidth 1312 1246
HOSTS 10.0.1.36 <-> 212.16.100.1 1 sessions at 1571746868631222 measurement static right 7519 packets 21 20 bytes 6888 6560 bandwidth 1378 1312
HOSTS 10.0.1.36 <-> 212.16.100.1 1 sessions at 1571746868734718 measurement static right 7262 packets 22 21 bytes 7216 6888 bandwidth 1443 1378
HOSTS 10.0.1.36 <-> 212.16.100.1 1 sessions at 1571746868840186 measurement static right 8235 packets 23 22 bytes 7544 7216 bandwidth 1509 1443
HOSTS 10.0.1.36 <-> 212.16.100.1 1 sessions at 1571746868941992 measurement static right 7841 packets 24 23 bytes 7872 7544 bandwidth 1574 1509
HOSTS 10.0.1.36 <-> 212.16.100.1 1 sessions at 1571746869043651 measurement static right 8469 packets 25 24 bytes 8200 7872 bandwidth 1640 1574
HOSTS 10.0.1.36 <-> 212.16.100.1 1 sessions at 1571746869144709 measurement static right 8122 packets 26 25 bytes 8528 8200 bandwidth 1706 1640
HOSTS 10.0.1.36 <-> 212.16.100.1 1 sessions at 1571746869247361 measurement static right 6583 packets 27 26 bytes 8856 8528 bandwidth 1771 1706
HOSTS 10.0.1.36 <-> 212.16.100.1 1 sessions at 1571746869353790 measurement static right 8636 packets 28 27 bytes 9184 8856 bandwidth 1837 1771
HOSTS 10.0.1.36 <-> 212.16.100.1 1 sessions at 1571746869459182 measurement static right 9512 packets 29 28 bytes 9512 9184 bandwidth 1902 1837
HOSTS 10.0.1.36 <-> 212.16.100.1 1 sessions at 1571746869579158 measurement static right 26126 packets 30 29 bytes 9840 9512 bandwidth 1968 1902
HOSTS 10.0.1.36 <-> 212.16.100.1 1 sessions at 1571746869678332 measurement static right 22820 packets 31 30 bytes 10168 9840 bandwidth 2034 1968
HOSTS 10.0.1.36 <-> 212.16.100.1 1 sessions at 1571746869765061 measurement static right 7131 packets 32 31 bytes 10496 10168 bandwidth 2099 2034
HOSTS 10.0.1.36 <-> 212.16.100.1 1 sessions at 1571746869870354 measurement static right 7684 packets 33 32 bytes 10824 10496 bandwidth 2165 2099
HOSTS 10.0.1.36 <-> 212.16.100.1 1 sessions at 1571746869972700 measurement static right 7656 packets 34 33 bytes 11152 10824 bandwidth 2230 2165
HOSTS 10.0.1.36 <-> 212.16.100.1 1 sessions at 1571746870072571 measurement static right 6423 packets 35 34 bytes 11480 11152 bandwidth 2296 2230
HOSTS 10.0.1.36 <-> 212.16.100.1 1 sessions at 1571746870181837 measurement static right 12355 packets 36 35 bytes 11808 11480 bandwidth 2362 2296
HOSTS 10.0.1.36 <-> 212.16.100.1 1 sessions at 1571746870318586 measurement static right 44406 packets 37 36 bytes 12136 11808 bandwidth 2427 2362
HOSTS 10.0.1.36 <-> 212.16.100.1 1 sessions at 1571746870383306 measurement static right 7150 packets 38 37 bytes 12464 12136 bandwidth 2493 2427
HOSTS 10.0.1.36 <-> 212.16.100.1 1 sessions at 1571746870485843 measurement static right 7067 packets 39 38 bytes 12792 12464 bandwidth 2558 2493
HOSTS 10.0.1.36 <-> 212.16.100.1 1 sessions at 1571746870590045 measurement static right 6665 packets 40 39 bytes 13120 12792 bandwidth 2624 2558
HOSTS 10.0.1.36 <-> 212.16.100.1 1 sessions at 1571746870694291 measurement static right 7135 packets 41 40 bytes 13448 13120 bandwidth 2690 2624
HOSTS 10.0.1.36 <-> 212.16.100.1 1 sessions at 1571746870800182 measurement static right 10012 packets 42 41 bytes 13776 13448 bandwidth 2755 2690
HOSTS 10.0.1.36 <-> 212.16.100.1 1 sessions at 1571746870917136 measurement static right 24162 packets 43 42 bytes 14104 13776 bandwidth 2821 2755
HOSTS 10.0.1.36 <-> 212.16.100.1 1 sessions at 1571746871002984 measurement static right 6061 packets 44 43 bytes 14432 14104 bandwidth 2886 2821
HOSTS 10.0.1.36 <-> 212.16.100.1 1 sessions at 1571746871130720 measurement static right 28651 packets 45 44 bytes 14760 14432 bandwidth 2952 2886
HOSTS 10.0.1.36 <-> 212.16.100.1 1 sessions at 1571746871225081 measurement static right 19285 packets 46 45 bytes 15088 14760 bandwidth 3018 2952
HOSTS 10.0.1.36 <-> 212.16.100.1 1 sessions at 1571746871330125 measurement static right 21110 packets 47 46 bytes 15416 15088 bandwidth 3083 3018
HOSTS 10.0.1.36 <-> 212.16.100.1 1 sessions at 1571746871438565 measurement static right 26718 packets 48 47 bytes 15744 15416 bandwidth 3149 3083
HOSTS 10.0.1.36 <-> 212.16.100.1 1 sessions at 1571746871520221 measurement static right 7190 packets 49 48 bytes 16072 15744 bandwidth 3214 3149
HOSTS 10.0.1.36 <-> 212.16.100.1 1 sessions at 1571746871624971 measurement static right 9566 packets 50 49 bytes 16400 16072 bandwidth 3214 3214
