DNS 10.0.1.36 <-> 193.234.218.146 65456:53 at 1571841388453497 new starting packets 0 0 bytes 0 0
DNS 10.0.1.36 <-> 193.234.218.146 65456:53 at 1571841388603362 measurement starting right 149865 packets 1 0 bytes 58 0 bandwidth 58 0
