[
{ "Event": "new", "Type": "QUIC", "Addrs": ["172.16.95.160","34.238.92.221"], "Session": "d7cb00c3e2ed0e5008048e-null (60489:4433)", "Ts": 1571079275245683, "State": "Starting", "Packets1": 0, "Packets2": 0, "Bytes1": 0, "Bytes2": 0 },
{ "Event": "measurement", "Type": "QUIC", "Addrs": ["172.16.95.160","34.238.92.221"], "Session": "d7cb00c3e2ed0e5008048e-048e044f7adaa8dd08d7cb (60489:4433)", "Ts": 1571079275321719, "State": "Starting", "Right_rtt": 76036, "Packets1": 1, "Packets2": 0, "Bytes1": 1280, "Bytes2": 0, "Bandwidth1": 1280, "Bandwidth2": 0 }
]
