[
{ "Event": "new", "Type": "QUIC", "Addrs": ["172.16.95.160","34.238.92.221"], "Session": "08adb0239d4951f2-1c64195385a5be7e (56236:4433)", "Ts": 1571077418924814, "State": "Starting", "Packets1": 0, "Packets2": 0, "Bytes1": 0, "Bytes2": 0 },
{ "Event": "measurement", "Type": "QUIC", "Addrs": ["172.16.95.160","34.238.92.221"], "Session": "08adb0239d4951f2-08162a549792a209 (56236:4433)", "Ts": 1571077419006805, "State": "Up", "Right_rtt": 81991, "Packets1": 1, "Packets2": 0, "Bytes1": 1280, "Bytes2": 0, "Bandwidth1": 1280, "Bandwidth2": 0 },
{ "Event": "spinflip", "Type": "QUIC", "Addrs": ["172.16.95.160","34.238.92.221"], "Session": "adb0239d4951f2d2-08162a549792a209 (56236:4433)", "Ts": 1571077419085572, "State": "Up", "Transition": "1-0", "Who": "initiator", "Packets1": 6, "Packets2": 15, "Bytes1": 3435, "Bytes2": 17983, "Bandwidth1": 3435, "Bandwidth2": 17983 },
{ "Event": "spinflip", "Type": "QUIC", "Addrs": ["172.16.95.160","34.238.92.221"], "Session": "adb0239d4951f2d2-08162a549792a209 (56236:4433)", "Ts": 1571077419085758, "State": "Up", "Transition": "0-1", "Who": "responder", "Packets1": 7, "Packets2": 15, "Bytes1": 3518, "Bytes2": 17983, "Bandwidth1": 3518, "Bandwidth2": 17983 },
{ "Event": "spinflip", "Type": "QUIC", "Addrs": ["172.16.95.160","34.238.92.221"], "Session": "adb0239d4951f2d2-08162a549792a209 (56236:4433)", "Ts": 1571077419167212, "State": "Up", "Transition": "1-0", "Who": "responder", "Packets1": 11, "Packets2": 24, "Bytes1": 3809, "Bytes2": 28768, "Bandwidth1": 3809, "Bandwidth2": 28768 },
{ "Event": "measurement", "Type": "QUIC", "Addrs": ["172.16.95.160","34.238.92.221"], "Session": "adb0239d4951f2d2-08162a549792a209 (56236:4433)", "Ts": 1571077419167212, "State": "Up", "Right_rtt": 81640, "Packets1": 11, "Packets2": 24, "Bytes1": 3809, "Bytes2": 28768, "Bandwidth1": 3809, "Bandwidth2": 28768 },
{ "Event": "measurement", "Type": "QUIC", "Addrs": ["172.16.95.160","34.238.92.221"], "Session": "adb0239d4951f2d2-08162a549792a209 (56236:4433)", "Ts": 1571077419167212, "State": "Up", "Full_rtt_responder": 81454, "Packets1": 11, "Packets2": 24, "Bytes1": 3809, "Bytes2": 28768, "Bandwidth1": 3809, "Bandwidth2": 28768 }
]
